# slug|consulta;consulta de reserva;...
# Commons indexa el TEXTO de la ficha, no la escena. Una consulta generica de
# ciudad ("Buenos Aires street") saca documentacion civica: fachadas, avenidas,
# obras. Lo que funciona es nombrar la ESCENA CULTURAL concreta, porque alguien
# saco esa foto justamente porque la escena merecia una foto: el tango, la
# feria, el mercado con nombre propio, la fiesta.
20-andalusian-spanish-expressions-and-slang|Feria de Abril Sevilla;flamenco Sevilla;Seville tapas bar people
20-argentinian-spanish-slang-expressions-lunfardo|tango dancers Buenos Aires street;Caminito La Boca Buenos Aires;milonga tango couple
20-brazilian-portuguese-idioms-locals-use-every-day|Copacabana beach people;samba Rio de Janeiro;Brazil street food vendor
20-brazilian-portuguese-proverbs-about-life|Pelourinho Salvador Bahia;Bahia baiana traditional dress;Ouro Preto street people
20-brazilian-portuguese-slang-words-giria|Brazil carnival street bloco;Sao Paulo street art people;Brazil samba musicians
20-chilean-spanish-slang-words-and-expressions|Valparaiso cerro colorful houses;Mercado Central Santiago Chile;cueca dancers Chile
20-cuban-sayings-and-proverbs-about-life|Cuba domino players street;Trinidad Cuba musicians;Havana Malecon people
20-cuban-spanish-slang-words-and-expressions|Havana classic car street;Havana Malecon people;Cuba street musicians
20-dominican-spanish-slang-words-and-phrases|Carnaval La Vega Dominican Republic;merengue band Dominican Republic;Santo Domingo market people
20-ecuadorian-spanish-slang-words-and-expressions|La Ronda Quito street;Quito historic centre people street;Ecuador Cuenca street people
20-everyday-french-idioms-and-their-english-meanings|Paris cafe terrace people;Paris brasserie terrace;Paris boulangerie customers
20-everyday-french-slang-words-and-expressions|Paris street market people;Vieux Port Marseille people;Paris metro passengers
20-guatemalan-spanish-slang-words-and-expressions|Chichicastenango market;Antigua Guatemala procession street;Guatemala huipil weaving women
20-italian-slang-words-and-expressions|Italy gelateria people street;Florence Italy street people;Venice campo people
20-mexican-quotes-about-life-and-what-they-mean|Dia de Muertos Oaxaca;mariachi musicians Mexico;Oaxaca market people
20-peruvian-spanish-slang-words-and-expressions|Cusco market women Peru;Peru Andes women traditional dress;Lima street food vendor
20-puerto-rican-spanish-slang-words-and-expressions|Calle San Sebastian San Juan;San Juan Puerto Rico colorful street houses;Puerto Rico bomba dancers festival
20-salvadoran-spanish-slang-words-and-expressions|pupusas El Salvador;Suchitoto El Salvador street;El Salvador market women
20-spanish-animal-idioms-and-what-they-mean|sheep flock shepherd Spain;donkey Spain village;goats Spain countryside
20-venezuelan-spanish-slang-words-and-expressions|joropo dancers Venezuela;Merida Venezuela street people;Venezuela market vendor
25-argentinian-sayings-and-dichos-every-local-knows|gaucho Argentina horse;Argentina countryside gaucho cattle;mate gourd hands Argentina
25-french-proverbs-about-life-and-love|Paris Seine riverbank people;Pont des Arts Paris couple;France village market square
25-german-slang-words-and-everyday-expressions|Oktoberfest tent people Munich;Viktualienmarkt Munich people;Germany beer garden crowd
25-greek-expressions-and-idioms-locals-use-every-day|Greek taverna people;Plaka Athens street;Greek island village square people
25-italian-idioms-locals-use-every-day|Trastevere Rome street people;Italy market vendor stall;Italy gelateria people street
25-italian-proverbs-about-life-and-love|Manarola Cinque Terre village;Burano Venice colorful houses;Italy village festa people
25-spanish-dichos-traditional-sayings-with-meanings|Plaza Mayor Madrid people;Spain village fiesta;Spain tapas bar people
30-german-idioms-that-make-no-sense-in-english|Marienplatz Munich people;Berlin cafe terrace people;Germany street musicians city
50-phrases-in-spanish-to-survive-any-conversation|Cartagena Colombia street people;Spain terraza bar people;Latin America street market conversation
verbal-expressions-in-spanish|Coyoacan Mexico City market people;Mexico City street vendor people;Spain market vendor customer
